[0.022s] Invoking command in '/home/user/ROS2AMR/docker/docker_environment/rosbot3_simulation/build/rosbot3_gazebo': PS1=(ros2) [\u@\h:\W]\$ VIRTUAL_ENV_PROMPT=(ros2) /usr/bin/cmake /home/user/ROS2AMR/docker/docker_environment/rosbot3_simulation/src/rosbot3_gazebo -DCMAKE_INSTALL_PREFIX=/home/user/ROS2AMR/docker/docker_environment/rosbot3_simulation/install/rosbot3_gazebo
[0.366s] -- The C compiler identification is GNU 11.4.0
[0.584s] -- The CXX compiler identification is GNU 11.4.0
[0.598s] -- Detecting C compiler ABI info
[0.705s] -- Detecting C compiler ABI info - done
[0.711s] -- Check for working C compiler: /usr/bin/cc - skipped
[0.712s] -- Detecting C compile features
[0.714s] -- Detecting C compile features - done
[0.723s] -- Detecting CXX compiler ABI info
[0.823s] -- Detecting CXX compiler ABI info - done
[0.834s] -- Check for working CXX compiler: /usr/bin/c++ - skipped
[0.834s] -- Detecting CXX compile features
[0.834s] -- Detecting CXX compile features - done
[0.868s] -- Found ament_cmake: 1.3.12 (/opt/ros/humble/share/ament_cmake/cmake)
[1.105s] -- Found Python3: /home/user/ros2/bin/python3 (found version "3.10.12") found components: Interpreter 
[1.278s] -- Found xacro: 2.1.1 (/opt/ros/humble/share/xacro/cmake)
[1.340s] Error parsing '/home/user/ROS2AMR/docker/docker_environment/rosbot3_simulation/src/rosbot3_gazebo/package.xml':
[1.340s] Traceback (most recent call last):
[1.340s]   File "/usr/lib/python3/dist-packages/catkin_pkg/package.py", line 610, in parse_package_string
[1.341s]     root = dom.parseString(data)
[1.341s]   File "/usr/lib/python3.10/xml/dom/minidom.py", line 2000, in parseString
[1.342s]     return expatbuilder.parseString(string)
[1.342s]   File "/usr/lib/python3.10/xml/dom/expatbuilder.py", line 925, in parseString
[1.345s]     return builder.parseString(string)
[1.345s]   File "/usr/lib/python3.10/xml/dom/expatbuilder.py", line 223, in parseString
[1.345s]     parser.Parse(string, True)
[1.345s] xml.parsers.expat.ExpatError: not well-formed (invalid token): line 1, column 1
[1.345s] 
[1.346s] During handling of the above exception, another exception occurred:
[1.346s] 
[1.346s] Traceback (most recent call last):
[1.346s]   File "/opt/ros/humble/share/ament_cmake_core/cmake/core/package_xml_2_cmake.py", line 150, in <module>
[1.346s]     main()
[1.346s]   File "/opt/ros/humble/share/ament_cmake_core/cmake/core/package_xml_2_cmake.py", line 53, in main
[1.346s]     raise e
[1.346s]   File "/opt/ros/humble/share/ament_cmake_core/cmake/core/package_xml_2_cmake.py", line 49, in main
[1.346s]     package = parse_package_string(
[1.346s]   File "/usr/lib/python3/dist-packages/catkin_pkg/package.py", line 612, in parse_package_string
[1.346s]     raise InvalidPackage('The manifest contains invalid XML:\n%s' % ex, filename)
[1.346s] catkin_pkg.package.InvalidPackage: Error(s) in package '/home/user/ROS2AMR/docker/docker_environment/rosbot3_simulation/src/rosbot3_gazebo/package.xml':
[1.346s] The manifest contains invalid XML:
[1.346s] not well-formed (invalid token): line 1, column 1
[1.352s] [31mCMake Error at /opt/ros/humble/share/ament_cmake_core/cmake/core/ament_package_xml.cmake:95 (message):
[1.352s]   execute_process(/home/user/ros2/bin/python3
[1.352s]   /opt/ros/humble/share/ament_cmake_core/cmake/core/package_xml_2_cmake.py
[1.352s]   /home/user/ROS2AMR/docker/docker_environment/rosbot3_simulation/src/rosbot3_gazebo/package.xml
[1.352s]   /home/user/ROS2AMR/docker/docker_environment/rosbot3_simulation/build/rosbot3_gazebo/ament_cmake_core/package.cmake)
[1.352s]   returned error code 1
[1.352s] Call Stack (most recent call first):
[1.352s]   /opt/ros/humble/share/ament_cmake_core/cmake/core/ament_package_xml.cmake:49 (_ament_package_xml)
[1.352s]   /opt/ros/humble/share/ament_cmake_core/cmake/core/ament_package.cmake:63 (ament_package_xml)
[1.352s]   CMakeLists.txt:5 (ament_package)
[1.352s] 
[1.352s] [0m
[1.353s] -- Configuring incomplete, errors occurred!
[1.353s] See also "/home/user/ROS2AMR/docker/docker_environment/rosbot3_simulation/build/rosbot3_gazebo/CMakeFiles/CMakeOutput.log".
[1.361s] Invoked command in '/home/user/ROS2AMR/docker/docker_environment/rosbot3_simulation/build/rosbot3_gazebo' returned '1': PS1=(ros2) [\u@\h:\W]\$ VIRTUAL_ENV_PROMPT=(ros2) /usr/bin/cmake /home/user/ROS2AMR/docker/docker_environment/rosbot3_simulation/src/rosbot3_gazebo -DCMAKE_INSTALL_PREFIX=/home/user/ROS2AMR/docker/docker_environment/rosbot3_simulation/install/rosbot3_gazebo
