[0.000000] (-) TimerEvent: {}
[0.000215] (ros_commons) JobQueued: {'identifier': 'ros_commons', 'dependencies': OrderedDict()}
[0.000238] (rosbot3_description) JobQueued: {'identifier': 'rosbot3_description', 'dependencies': OrderedDict()}
[0.000270] (rosbot3_gazebo) JobQueued: {'identifier': 'rosbot3_gazebo', 'dependencies': OrderedDict()}
[0.000301] (ros_commons) JobStarted: {'identifier': 'ros_commons'}
[0.007480] (rosbot3_description) JobStarted: {'identifier': 'rosbot3_description'}
[0.011094] (rosbot3_gazebo) JobStarted: {'identifier': 'rosbot3_gazebo'}
[0.014896] (ros_commons) JobProgress: {'identifier': 'ros_commons', 'progress': 'cmake'}
[0.015298] (ros_commons) JobProgress: {'identifier': 'ros_commons', 'progress': 'build'}
[0.016036] (ros_commons) Command: {'cmd': ['/usr/bin/cmake', '--build', '/home/user/ROS2AMR/docker/docker_environment/rosbot3_simulation/build/ros_commons', '--', '-j4', '-l4'], 'cwd': '/home/user/ROS2AMR/docker/docker_environment/rosbot3_simulation/build/ros_commons', 'env': OrderedDict([('LESSOPEN', '| /usr/bin/lesspipe %s'), ('HOSTNAME', 'LAPTOP-OA6QUMQB'), ('SHLVL', '1'), ('LD_LIBRARY_PATH', '/usr/lib/x86_64-linux-gnu/gazebo-11/plugins:/opt/ros/humble/opt/rviz_ogre_vendor/lib:/opt/ros/humble/lib/x86_64-linux-gnu:/opt/ros/humble/lib'), ('HOME', '/home/user'), ('OLDPWD', '/home/user/ROS2AMR/docker/docker_environment'), ('ROS_PYTHON_VERSION', '3'), ('PS1', '(ros2) [\\u@\\h:\\W]\\$'), ('ROS_DISTRO', 'humble'), ('PULSE_SERVER', 'unix:/tmp/pulseaudio.socket'), ('_', '/usr/bin/colcon'), ('ROS_VERSION', '2'), ('TERM', 'xterm'), ('ROS_LOCALHOST_ONLY', '0'), ('PATH', '/home/user/ros2/bin:/opt/ros/humble/bin:/usr/local/sbin:/usr/local/bin:/usr/sbin:/usr/bin:/sbin:/bin:/home/user/.local/bin'), ('DISPLAY', '172.22.192.1:0'), ('LANG', 'C.UTF-8'), ('VIRTUAL_ENV_PROMPT', '(ros2)'), ('PULSE_COOKIE', '/tmp/pulseaudio.cookie'), ('AMENT_PREFIX_PATH', '/opt/ros/humble'), ('LESSCLOSE', '/usr/bin/lesspipe %s %s'), ('VIRTUAL_ENV', '/home/user/ros2'), ('PWD', '/home/user/ROS2AMR/docker/docker_environment/rosbot3_simulation/build/ros_commons'), ('PYTHONPATH', '/opt/ros/humble/lib/python3.10/site-packages:/opt/ros/humble/local/lib/python3.10/dist-packages'), ('TZ', 'UTC'), ('COLCON', '1')]), 'shell': False}
[0.018333] (rosbot3_description) JobProgress: {'identifier': 'rosbot3_description', 'progress': 'cmake'}
[0.018685] (rosbot3_description) JobProgress: {'identifier': 'rosbot3_description', 'progress': 'build'}
[0.019348] (rosbot3_description) Command: {'cmd': ['/usr/bin/cmake', '--build', '/home/user/ROS2AMR/docker/docker_environment/rosbot3_simulation/build/rosbot3_description', '--', '-j4', '-l4'], 'cwd': '/home/user/ROS2AMR/docker/docker_environment/rosbot3_simulation/build/rosbot3_description', 'env': OrderedDict([('LESSOPEN', '| /usr/bin/lesspipe %s'), ('HOSTNAME', 'LAPTOP-OA6QUMQB'), ('SHLVL', '1'), ('LD_LIBRARY_PATH', '/usr/lib/x86_64-linux-gnu/gazebo-11/plugins:/opt/ros/humble/opt/rviz_ogre_vendor/lib:/opt/ros/humble/lib/x86_64-linux-gnu:/opt/ros/humble/lib'), ('HOME', '/home/user'), ('OLDPWD', '/home/user/ROS2AMR/docker/docker_environment'), ('ROS_PYTHON_VERSION', '3'), ('PS1', '(ros2) [\\u@\\h:\\W]\\$'), ('ROS_DISTRO', 'humble'), ('PULSE_SERVER', 'unix:/tmp/pulseaudio.socket'), ('_', '/usr/bin/colcon'), ('ROS_VERSION', '2'), ('TERM', 'xterm'), ('ROS_LOCALHOST_ONLY', '0'), ('PATH', '/home/user/ros2/bin:/opt/ros/humble/bin:/usr/local/sbin:/usr/local/bin:/usr/sbin:/usr/bin:/sbin:/bin:/home/user/.local/bin'), ('DISPLAY', '172.22.192.1:0'), ('LANG', 'C.UTF-8'), ('VIRTUAL_ENV_PROMPT', '(ros2)'), ('PULSE_COOKIE', '/tmp/pulseaudio.cookie'), ('AMENT_PREFIX_PATH', '/opt/ros/humble'), ('LESSCLOSE', '/usr/bin/lesspipe %s %s'), ('VIRTUAL_ENV', '/home/user/ros2'), ('PWD', '/home/user/ROS2AMR/docker/docker_environment/rosbot3_simulation/build/rosbot3_description'), ('PYTHONPATH', '/opt/ros/humble/lib/python3.10/site-packages:/opt/ros/humble/local/lib/python3.10/dist-packages'), ('TZ', 'UTC'), ('COLCON', '1')]), 'shell': False}
[0.026639] (rosbot3_gazebo) JobProgress: {'identifier': 'rosbot3_gazebo', 'progress': 'cmake'}
[0.027333] (rosbot3_gazebo) Command: {'cmd': ['/usr/bin/cmake', '/home/user/ROS2AMR/docker/docker_environment/rosbot3_simulation/src/rosbot3_gazebo', '-DCMAKE_INSTALL_PREFIX=/home/user/ROS2AMR/docker/docker_environment/rosbot3_simulation/install/rosbot3_gazebo'], 'cwd': '/home/user/ROS2AMR/docker/docker_environment/rosbot3_simulation/build/rosbot3_gazebo', 'env': OrderedDict([('LESSOPEN', '| /usr/bin/lesspipe %s'), ('HOSTNAME', 'LAPTOP-OA6QUMQB'), ('SHLVL', '1'), ('LD_LIBRARY_PATH', '/usr/lib/x86_64-linux-gnu/gazebo-11/plugins:/opt/ros/humble/opt/rviz_ogre_vendor/lib:/opt/ros/humble/lib/x86_64-linux-gnu:/opt/ros/humble/lib'), ('HOME', '/home/user'), ('OLDPWD', '/home/user/ROS2AMR/docker/docker_environment'), ('ROS_PYTHON_VERSION', '3'), ('PS1', '(ros2) [\\u@\\h:\\W]\\$'), ('ROS_DISTRO', 'humble'), ('PULSE_SERVER', 'unix:/tmp/pulseaudio.socket'), ('_', '/usr/bin/colcon'), ('ROS_VERSION', '2'), ('TERM', 'xterm'), ('ROS_LOCALHOST_ONLY', '0'), ('PATH', '/home/user/ros2/bin:/opt/ros/humble/bin:/usr/local/sbin:/usr/local/bin:/usr/sbin:/usr/bin:/sbin:/bin:/home/user/.local/bin'), ('DISPLAY', '172.22.192.1:0'), ('LANG', 'C.UTF-8'), ('VIRTUAL_ENV_PROMPT', '(ros2)'), ('PULSE_COOKIE', '/tmp/pulseaudio.cookie'), ('AMENT_PREFIX_PATH', '/opt/ros/humble'), ('LESSCLOSE', '/usr/bin/lesspipe %s %s'), ('VIRTUAL_ENV', '/home/user/ros2'), ('PWD', '/home/user/ROS2AMR/docker/docker_environment/rosbot3_simulation/build/rosbot3_gazebo'), ('PYTHONPATH', '/opt/ros/humble/lib/python3.10/site-packages:/opt/ros/humble/local/lib/python3.10/dist-packages'), ('TZ', 'UTC'), ('COLCON', '1')]), 'shell': False}
[0.045233] (rosbot3_gazebo) StdoutLine: {'line': b'-- Found ament_cmake: 1.3.12 (/opt/ros/humble/share/ament_cmake/cmake)\n'}
[0.065218] (rosbot3_description) CommandEnded: {'returncode': 0}
[0.066893] (rosbot3_description) JobProgress: {'identifier': 'rosbot3_description', 'progress': 'install'}
[0.074920] (rosbot3_description) Command: {'cmd': ['/usr/bin/cmake', '--install', '/home/user/ROS2AMR/docker/docker_environment/rosbot3_simulation/build/rosbot3_description'], 'cwd': '/home/user/ROS2AMR/docker/docker_environment/rosbot3_simulation/build/rosbot3_description', 'env': OrderedDict([('LESSOPEN', '| /usr/bin/lesspipe %s'), ('HOSTNAME', 'LAPTOP-OA6QUMQB'), ('SHLVL', '1'), ('LD_LIBRARY_PATH', '/usr/lib/x86_64-linux-gnu/gazebo-11/plugins:/opt/ros/humble/opt/rviz_ogre_vendor/lib:/opt/ros/humble/lib/x86_64-linux-gnu:/opt/ros/humble/lib'), ('HOME', '/home/user'), ('OLDPWD', '/home/user/ROS2AMR/docker/docker_environment'), ('ROS_PYTHON_VERSION', '3'), ('PS1', '(ros2) [\\u@\\h:\\W]\\$'), ('ROS_DISTRO', 'humble'), ('PULSE_SERVER', 'unix:/tmp/pulseaudio.socket'), ('_', '/usr/bin/colcon'), ('ROS_VERSION', '2'), ('TERM', 'xterm'), ('ROS_LOCALHOST_ONLY', '0'), ('PATH', '/home/user/ros2/bin:/opt/ros/humble/bin:/usr/local/sbin:/usr/local/bin:/usr/sbin:/usr/bin:/sbin:/bin:/home/user/.local/bin'), ('DISPLAY', '172.22.192.1:0'), ('LANG', 'C.UTF-8'), ('VIRTUAL_ENV_PROMPT', '(ros2)'), ('PULSE_COOKIE', '/tmp/pulseaudio.cookie'), ('AMENT_PREFIX_PATH', '/opt/ros/humble'), ('LESSCLOSE', '/usr/bin/lesspipe %s %s'), ('VIRTUAL_ENV', '/home/user/ros2'), ('PWD', '/home/user/ROS2AMR/docker/docker_environment/rosbot3_simulation/build/rosbot3_description'), ('PYTHONPATH', '/opt/ros/humble/lib/python3.10/site-packages:/opt/ros/humble/local/lib/python3.10/dist-packages'), ('TZ', 'UTC'), ('COLCON', '1')]), 'shell': False}
[0.076456] (ros_commons) CommandEnded: {'returncode': 0}
[0.077474] (ros_commons) JobProgress: {'identifier': 'ros_commons', 'progress': 'install'}
[0.078230] (ros_commons) Command: {'cmd': ['/usr/bin/cmake', '--install', '/home/user/ROS2AMR/docker/docker_environment/rosbot3_simulation/build/ros_commons'], 'cwd': '/home/user/ROS2AMR/docker/docker_environment/rosbot3_simulation/build/ros_commons', 'env': OrderedDict([('LESSOPEN', '| /usr/bin/lesspipe %s'), ('HOSTNAME', 'LAPTOP-OA6QUMQB'), ('SHLVL', '1'), ('LD_LIBRARY_PATH', '/usr/lib/x86_64-linux-gnu/gazebo-11/plugins:/opt/ros/humble/opt/rviz_ogre_vendor/lib:/opt/ros/humble/lib/x86_64-linux-gnu:/opt/ros/humble/lib'), ('HOME', '/home/user'), ('OLDPWD', '/home/user/ROS2AMR/docker/docker_environment'), ('ROS_PYTHON_VERSION', '3'), ('PS1', '(ros2) [\\u@\\h:\\W]\\$'), ('ROS_DISTRO', 'humble'), ('PULSE_SERVER', 'unix:/tmp/pulseaudio.socket'), ('_', '/usr/bin/colcon'), ('ROS_VERSION', '2'), ('TERM', 'xterm'), ('ROS_LOCALHOST_ONLY', '0'), ('PATH', '/home/user/ros2/bin:/opt/ros/humble/bin:/usr/local/sbin:/usr/local/bin:/usr/sbin:/usr/bin:/sbin:/bin:/home/user/.local/bin'), ('DISPLAY', '172.22.192.1:0'), ('LANG', 'C.UTF-8'), ('VIRTUAL_ENV_PROMPT', '(ros2)'), ('PULSE_COOKIE', '/tmp/pulseaudio.cookie'), ('AMENT_PREFIX_PATH', '/opt/ros/humble'), ('LESSCLOSE', '/usr/bin/lesspipe %s %s'), ('VIRTUAL_ENV', '/home/user/ros2'), ('PWD', '/home/user/ROS2AMR/docker/docker_environment/rosbot3_simulation/build/ros_commons'), ('PYTHONPATH', '/opt/ros/humble/lib/python3.10/site-packages:/opt/ros/humble/local/lib/python3.10/dist-packages'), ('TZ', 'UTC'), ('COLCON', '1')]), 'shell': False}
[0.081972] (rosbot3_description) StdoutLine: {'line': b'-- Install configuration: ""\n'}
[0.083994] (rosbot3_description) StdoutLine: {'line': b'-- Installing: /home/user/ROS2AMR/docker/docker_environment/rosbot3_simulation/install/rosbot3_description/share/ament_index/resource_index/package_run_dependencies/rosbot3_description\n'}
[0.084324] (rosbot3_description) StdoutLine: {'line': b'-- Installing: /home/user/ROS2AMR/docker/docker_environment/rosbot3_simulation/install/rosbot3_description/share/ament_index/resource_index/parent_prefix_path/rosbot3_description\n'}
[0.084381] (ros_commons) StdoutLine: {'line': b'-- Install configuration: ""\n'}
[0.085920] (rosbot3_description) StdoutLine: {'line': b'-- Installing: /home/user/ROS2AMR/docker/docker_environment/rosbot3_simulation/install/rosbot3_description/share/rosbot3_description/environment/ament_prefix_path.sh\n'}
[0.087014] (ros_commons) StdoutLine: {'line': b'-- Installing: /home/user/ROS2AMR/docker/docker_environment/rosbot3_simulation/install/ros_commons/share/ament_index/resource_index/package_run_dependencies/ros_commons\n'}
[0.087130] (rosbot3_description) StdoutLine: {'line': b'-- Installing: /home/user/ROS2AMR/docker/docker_environment/rosbot3_simulation/install/rosbot3_description/share/rosbot3_description/environment/ament_prefix_path.dsv\n'}
[0.087710] (rosbot3_description) StdoutLine: {'line': b'-- Installing: /home/user/ROS2AMR/docker/docker_environment/rosbot3_simulation/install/rosbot3_description/share/rosbot3_description/environment/path.sh\n'}
[0.088651] (rosbot3_description) StdoutLine: {'line': b'-- Installing: /home/user/ROS2AMR/docker/docker_environment/rosbot3_simulation/install/rosbot3_description/share/rosbot3_description/environment/path.dsv\n'}
[0.088776] (rosbot3_description) StdoutLine: {'line': b'-- Installing: /home/user/ROS2AMR/docker/docker_environment/rosbot3_simulation/install/rosbot3_description/share/rosbot3_description/local_setup.bash\n'}
[0.088836] (rosbot3_description) StdoutLine: {'line': b'-- Installing: /home/user/ROS2AMR/docker/docker_environment/rosbot3_simulation/install/rosbot3_description/share/rosbot3_description/local_setup.sh\n'}
[0.090253] (rosbot3_description) StdoutLine: {'line': b'-- Installing: /home/user/ROS2AMR/docker/docker_environment/rosbot3_simulation/install/rosbot3_description/share/rosbot3_description/local_setup.zsh\n'}
[0.090304] (rosbot3_description) StdoutLine: {'line': b'-- Installing: /home/user/ROS2AMR/docker/docker_environment/rosbot3_simulation/install/rosbot3_description/share/rosbot3_description/local_setup.dsv\n'}
[0.090344] (rosbot3_description) StdoutLine: {'line': b'-- Installing: /home/user/ROS2AMR/docker/docker_environment/rosbot3_simulation/install/rosbot3_description/share/rosbot3_description/package.dsv\n'}
[0.090382] (ros_commons) StdoutLine: {'line': b'-- Installing: /home/user/ROS2AMR/docker/docker_environment/rosbot3_simulation/install/ros_commons/share/ament_index/resource_index/parent_prefix_path/ros_commons\n'}
[0.090423] (rosbot3_description) StdoutLine: {'line': b'-- Installing: /home/user/ROS2AMR/docker/docker_environment/rosbot3_simulation/install/rosbot3_description/share/ament_index/resource_index/packages/rosbot3_description\n'}
[0.090467] (ros_commons) StdoutLine: {'line': b'-- Installing: /home/user/ROS2AMR/docker/docker_environment/rosbot3_simulation/install/ros_commons/share/ros_commons/environment/ament_prefix_path.sh\n'}
[0.090504] (ros_commons) StdoutLine: {'line': b'-- Installing: /home/user/ROS2AMR/docker/docker_environment/rosbot3_simulation/install/ros_commons/share/ros_commons/environment/ament_prefix_path.dsv\n'}
[0.090540] (ros_commons) StdoutLine: {'line': b'-- Installing: /home/user/ROS2AMR/docker/docker_environment/rosbot3_simulation/install/ros_commons/share/ros_commons/environment/path.sh\n'}
[0.090577] (ros_commons) StdoutLine: {'line': b'-- Installing: /home/user/ROS2AMR/docker/docker_environment/rosbot3_simulation/install/ros_commons/share/ros_commons/environment/path.dsv\n'}
[0.090614] (ros_commons) StdoutLine: {'line': b'-- Installing: /home/user/ROS2AMR/docker/docker_environment/rosbot3_simulation/install/ros_commons/share/ros_commons/local_setup.bash\n'}
[0.090651] (ros_commons) StdoutLine: {'line': b'-- Installing: /home/user/ROS2AMR/docker/docker_environment/rosbot3_simulation/install/ros_commons/share/ros_commons/local_setup.sh\n'}
[0.090687] (ros_commons) StdoutLine: {'line': b'-- Installing: /home/user/ROS2AMR/docker/docker_environment/rosbot3_simulation/install/ros_commons/share/ros_commons/local_setup.zsh\n'}
[0.090723] (ros_commons) StdoutLine: {'line': b'-- Installing: /home/user/ROS2AMR/docker/docker_environment/rosbot3_simulation/install/ros_commons/share/ros_commons/local_setup.dsv\n'}
[0.090807] (ros_commons) StdoutLine: {'line': b'-- Installing: /home/user/ROS2AMR/docker/docker_environment/rosbot3_simulation/install/ros_commons/share/ros_commons/package.dsv\n'}
[0.090869] (ros_commons) StdoutLine: {'line': b'-- Installing: /home/user/ROS2AMR/docker/docker_environment/rosbot3_simulation/install/ros_commons/share/ament_index/resource_index/packages/ros_commons\n'}
[0.090908] (rosbot3_description) StdoutLine: {'line': b'-- Installing: /home/user/ROS2AMR/docker/docker_environment/rosbot3_simulation/install/rosbot3_description/share/rosbot3_description/cmake/rosbot3_descriptionConfig.cmake\n'}
[0.090984] (rosbot3_description) StdoutLine: {'line': b'-- Installing: /home/user/ROS2AMR/docker/docker_environment/rosbot3_simulation/install/rosbot3_description/share/rosbot3_description/cmake/rosbot3_descriptionConfig-version.cmake\n'}
[0.091022] (rosbot3_description) StdoutLine: {'line': b'-- Installing: /home/user/ROS2AMR/docker/docker_environment/rosbot3_simulation/install/rosbot3_description/share/rosbot3_description/package.xml\n'}
[0.091076] (ros_commons) StdoutLine: {'line': b'-- Installing: /home/user/ROS2AMR/docker/docker_environment/rosbot3_simulation/install/ros_commons/share/ros_commons/cmake/ros_commonsConfig.cmake\n'}
[0.091170] (ros_commons) StdoutLine: {'line': b'-- Installing: /home/user/ROS2AMR/docker/docker_environment/rosbot3_simulation/install/ros_commons/share/ros_commons/cmake/ros_commonsConfig-version.cmake\n'}
[0.091301] (ros_commons) StdoutLine: {'line': b'-- Installing: /home/user/ROS2AMR/docker/docker_environment/rosbot3_simulation/install/ros_commons/share/ros_commons/package.xml\n'}
[0.092358] (rosbot3_description) CommandEnded: {'returncode': 0}
[0.099538] (-) TimerEvent: {}
[0.122605] (rosbot3_description) JobEnded: {'identifier': 'rosbot3_description', 'rc': 0}
[0.126067] (ros_commons) CommandEnded: {'returncode': 0}
[0.140824] (ros_commons) JobEnded: {'identifier': 'ros_commons', 'rc': 0}
[0.163174] (rosbot3_gazebo) StdoutLine: {'line': b'-- Found xacro: 2.1.1 (/opt/ros/humble/share/xacro/cmake)\n'}
[0.199902] (-) TimerEvent: {}
[0.200576] (rosbot3_gazebo) StderrLine: {'line': b"Error parsing '/home/user/ROS2AMR/docker/docker_environment/rosbot3_simulation/src/rosbot3_gazebo/package.xml':\n"}
[0.200808] (rosbot3_gazebo) StderrLine: {'line': b'Traceback (most recent call last):\n'}
[0.200898] (rosbot3_gazebo) StderrLine: {'line': b'  File "/usr/lib/python3/dist-packages/catkin_pkg/package.py", line 610, in parse_package_string\n'}
[0.200989] (rosbot3_gazebo) StderrLine: {'line': b'    root = dom.parseString(data)\n'}
[0.201027] (rosbot3_gazebo) StderrLine: {'line': b'  File "/usr/lib/python3.10/xml/dom/minidom.py", line 2000, in parseString\n'}
[0.201156] (rosbot3_gazebo) StderrLine: {'line': b'    return expatbuilder.parseString(string)\n'}
[0.201223] (rosbot3_gazebo) StderrLine: {'line': b'  File "/usr/lib/python3.10/xml/dom/expatbuilder.py", line 925, in parseString\n'}
[0.201263] (rosbot3_gazebo) StderrLine: {'line': b'    return builder.parseString(string)\n'}
[0.201304] (rosbot3_gazebo) StderrLine: {'line': b'  File "/usr/lib/python3.10/xml/dom/expatbuilder.py", line 223, in parseString\n'}
[0.201340] (rosbot3_gazebo) StderrLine: {'line': b'    parser.Parse(string, True)\n'}
[0.201387] (rosbot3_gazebo) StderrLine: {'line': b'xml.parsers.expat.ExpatError: not well-formed (invalid token): line 1, column 1\n'}
[0.201446] (rosbot3_gazebo) StderrLine: {'line': b'\n'}
[0.201484] (rosbot3_gazebo) StderrLine: {'line': b'During handling of the above exception, another exception occurred:\n'}
[0.201632] (rosbot3_gazebo) StderrLine: {'line': b'\n'}
[0.201669] (rosbot3_gazebo) StderrLine: {'line': b'Traceback (most recent call last):\n'}
[0.201706] (rosbot3_gazebo) StderrLine: {'line': b'  File "/opt/ros/humble/share/ament_cmake_core/cmake/core/package_xml_2_cmake.py", line 150, in <module>\n'}
[0.201744] (rosbot3_gazebo) StderrLine: {'line': b'    main()\n'}
[0.201782] (rosbot3_gazebo) StderrLine: {'line': b'  File "/opt/ros/humble/share/ament_cmake_core/cmake/core/package_xml_2_cmake.py", line 53, in main\n'}
[0.201822] (rosbot3_gazebo) StderrLine: {'line': b'    raise e\n'}
[0.201858] (rosbot3_gazebo) StderrLine: {'line': b'  File "/opt/ros/humble/share/ament_cmake_core/cmake/core/package_xml_2_cmake.py", line 49, in main\n'}
[0.201938] (rosbot3_gazebo) StderrLine: {'line': b'    package = parse_package_string(\n'}
[0.201987] (rosbot3_gazebo) StderrLine: {'line': b'  File "/usr/lib/python3/dist-packages/catkin_pkg/package.py", line 612, in parse_package_string\n'}
[0.202185] (rosbot3_gazebo) StderrLine: {'line': b"    raise InvalidPackage('The manifest contains invalid XML:\\n%s' % ex, filename)\n"}
[0.202309] (rosbot3_gazebo) StderrLine: {'line': b"catkin_pkg.package.InvalidPackage: Error(s) in package '/home/user/ROS2AMR/docker/docker_environment/rosbot3_simulation/src/rosbot3_gazebo/package.xml':\n"}
[0.202363] (rosbot3_gazebo) StderrLine: {'line': b'The manifest contains invalid XML:\n'}
[0.202405] (rosbot3_gazebo) StderrLine: {'line': b'not well-formed (invalid token): line 1, column 1\n'}
[0.209931] (rosbot3_gazebo) StderrLine: {'line': b'\x1b[31mCMake Error at /opt/ros/humble/share/ament_cmake_core/cmake/core/ament_package_xml.cmake:95 (message):\n'}
[0.210178] (rosbot3_gazebo) StderrLine: {'line': b'  execute_process(/home/user/ros2/bin/python3\n'}
[0.210292] (rosbot3_gazebo) StderrLine: {'line': b'  /opt/ros/humble/share/ament_cmake_core/cmake/core/package_xml_2_cmake.py\n'}
[0.210372] (rosbot3_gazebo) StderrLine: {'line': b'  /home/user/ROS2AMR/docker/docker_environment/rosbot3_simulation/src/rosbot3_gazebo/package.xml\n'}
[0.210580] (rosbot3_gazebo) StderrLine: {'line': b'  /home/user/ROS2AMR/docker/docker_environment/rosbot3_simulation/build/rosbot3_gazebo/ament_cmake_core/package.cmake)\n'}
[0.210625] (rosbot3_gazebo) StderrLine: {'line': b'  returned error code 1\n'}
[0.210662] (rosbot3_gazebo) StderrLine: {'line': b'Call Stack (most recent call first):\n'}
[0.210697] (rosbot3_gazebo) StderrLine: {'line': b'  /opt/ros/humble/share/ament_cmake_core/cmake/core/ament_package_xml.cmake:49 (_ament_package_xml)\n'}
[0.210733] (rosbot3_gazebo) StderrLine: {'line': b'  /opt/ros/humble/share/ament_cmake_core/cmake/core/ament_package.cmake:63 (ament_package_xml)\n'}
[0.210769] (rosbot3_gazebo) StderrLine: {'line': b'  CMakeLists.txt:5 (ament_package)\n'}
[0.210803] (rosbot3_gazebo) StderrLine: {'line': b'\n'}
[0.210839] (rosbot3_gazebo) StderrLine: {'line': b'\x1b[0m\n'}
[0.210874] (rosbot3_gazebo) StdoutLine: {'line': b'-- Configuring incomplete, errors occurred!\n'}
[0.210927] (rosbot3_gazebo) StdoutLine: {'line': b'See also "/home/user/ROS2AMR/docker/docker_environment/rosbot3_simulation/build/rosbot3_gazebo/CMakeFiles/CMakeOutput.log".\n'}
[0.213060] (rosbot3_gazebo) CommandEnded: {'returncode': 1}
[0.213344] (rosbot3_gazebo) JobEnded: {'identifier': 'rosbot3_gazebo', 'rc': 1}
[0.224856] (-) EventReactorShutdown: {}
