[0.000000] (-) TimerEvent: {}
[0.001444] (ros_commons) JobQueued: {'identifier': 'ros_commons', 'dependencies': OrderedDict()}
[0.001500] (rosbot3_description) JobQueued: {'identifier': 'rosbot3_description', 'dependencies': OrderedDict()}
[0.001514] (rosbot3_gazebo) JobQueued: {'identifier': 'rosbot3_gazebo', 'dependencies': OrderedDict()}
[0.001525] (ros_commons) JobStarted: {'identifier': 'ros_commons'}
[0.010688] (rosbot3_description) JobStarted: {'identifier': 'rosbot3_description'}
[0.014020] (rosbot3_gazebo) JobStarted: {'identifier': 'rosbot3_gazebo'}
[0.019359] (ros_commons) JobProgress: {'identifier': 'ros_commons', 'progress': 'cmake'}
[0.021768] (ros_commons) Command: {'cmd': ['/usr/bin/cmake', '/home/user/ROS2AMR/docker/docker_environment/rosbot3_simulation/src/ros_commons', '-DCATKIN_INSTALL_INTO_PREFIX_ROOT=0', '-DCATKIN_SYMLINK_INSTALL=ON', '-DCMAKE_INSTALL_PREFIX=/home/user/ROS2AMR/docker/docker_environment/rosbot3_simulation/install/ros_commons'], 'cwd': '/home/user/ROS2AMR/docker/docker_environment/rosbot3_simulation/build/ros_commons', 'env': OrderedDict([('LESSOPEN', '| /usr/bin/lesspipe %s'), ('HOSTNAME', 'LAPTOP-OA6QUMQB'), ('SHLVL', '1'), ('LD_LIBRARY_PATH', '/usr/lib/x86_64-linux-gnu/gazebo-11/plugins:/opt/ros/humble/opt/rviz_ogre_vendor/lib:/opt/ros/humble/lib/x86_64-linux-gnu:/opt/ros/humble/lib'), ('HOME', '/home/user'), ('OLDPWD', '/home/user/ROS2AMR/docker/docker_environment'), ('ROS_PYTHON_VERSION', '3'), ('PS1', '(ros2) [\\u@\\h:\\W]\\$'), ('ROS_DISTRO', 'humble'), ('PULSE_SERVER', 'unix:/tmp/pulseaudio.socket'), ('_', '/usr/bin/colcon'), ('ROS_VERSION', '2'), ('TERM', 'xterm'), ('ROS_LOCALHOST_ONLY', '0'), ('PATH', '/home/user/ros2/bin:/opt/ros/humble/bin:/usr/local/sbin:/usr/local/bin:/usr/sbin:/usr/bin:/sbin:/bin:/home/user/.local/bin'), ('DISPLAY', '172.22.192.1:0'), ('LANG', 'C.UTF-8'), ('VIRTUAL_ENV_PROMPT', '(ros2)'), ('PULSE_COOKIE', '/tmp/pulseaudio.cookie'), ('AMENT_PREFIX_PATH', '/opt/ros/humble'), ('LESSCLOSE', '/usr/bin/lesspipe %s %s'), ('VIRTUAL_ENV', '/home/user/ros2'), ('PWD', '/home/user/ROS2AMR/docker/docker_environment/rosbot3_simulation/build/ros_commons'), ('PYTHONPATH', '/opt/ros/humble/lib/python3.10/site-packages:/opt/ros/humble/local/lib/python3.10/dist-packages'), ('TZ', 'UTC'), ('COLCON', '1')]), 'shell': False}
[0.026221] (rosbot3_description) JobProgress: {'identifier': 'rosbot3_description', 'progress': 'cmake'}
[0.028472] (rosbot3_description) Command: {'cmd': ['/usr/bin/cmake', '/home/user/ROS2AMR/docker/docker_environment/rosbot3_simulation/src/rosbot3_description', '-DCATKIN_INSTALL_INTO_PREFIX_ROOT=0', '-DCATKIN_SYMLINK_INSTALL=ON', '-DCMAKE_INSTALL_PREFIX=/home/user/ROS2AMR/docker/docker_environment/rosbot3_simulation/install/rosbot3_description'], 'cwd': '/home/user/ROS2AMR/docker/docker_environment/rosbot3_simulation/build/rosbot3_description', 'env': OrderedDict([('LESSOPEN', '| /usr/bin/lesspipe %s'), ('HOSTNAME', 'LAPTOP-OA6QUMQB'), ('SHLVL', '1'), ('LD_LIBRARY_PATH', '/usr/lib/x86_64-linux-gnu/gazebo-11/plugins:/opt/ros/humble/opt/rviz_ogre_vendor/lib:/opt/ros/humble/lib/x86_64-linux-gnu:/opt/ros/humble/lib'), ('HOME', '/home/user'), ('OLDPWD', '/home/user/ROS2AMR/docker/docker_environment'), ('ROS_PYTHON_VERSION', '3'), ('PS1', '(ros2) [\\u@\\h:\\W]\\$'), ('ROS_DISTRO', 'humble'), ('PULSE_SERVER', 'unix:/tmp/pulseaudio.socket'), ('_', '/usr/bin/colcon'), ('ROS_VERSION', '2'), ('TERM', 'xterm'), ('ROS_LOCALHOST_ONLY', '0'), ('PATH', '/home/user/ros2/bin:/opt/ros/humble/bin:/usr/local/sbin:/usr/local/bin:/usr/sbin:/usr/bin:/sbin:/bin:/home/user/.local/bin'), ('DISPLAY', '172.22.192.1:0'), ('LANG', 'C.UTF-8'), ('VIRTUAL_ENV_PROMPT', '(ros2)'), ('PULSE_COOKIE', '/tmp/pulseaudio.cookie'), ('AMENT_PREFIX_PATH', '/opt/ros/humble'), ('LESSCLOSE', '/usr/bin/lesspipe %s %s'), ('VIRTUAL_ENV', '/home/user/ros2'), ('PWD', '/home/user/ROS2AMR/docker/docker_environment/rosbot3_simulation/build/rosbot3_description'), ('PYTHONPATH', '/opt/ros/humble/lib/python3.10/site-packages:/opt/ros/humble/local/lib/python3.10/dist-packages'), ('TZ', 'UTC'), ('COLCON', '1')]), 'shell': False}
[0.031467] (rosbot3_gazebo) JobProgress: {'identifier': 'rosbot3_gazebo', 'progress': 'cmake'}
[0.034492] (rosbot3_gazebo) Command: {'cmd': ['/usr/bin/cmake', '/home/user/ROS2AMR/docker/docker_environment/rosbot3_simulation/src/rosbot3_gazebo', '-DCMAKE_INSTALL_PREFIX=/home/user/ROS2AMR/docker/docker_environment/rosbot3_simulation/install/rosbot3_gazebo'], 'cwd': '/home/user/ROS2AMR/docker/docker_environment/rosbot3_simulation/build/rosbot3_gazebo', 'env': OrderedDict([('LESSOPEN', '| /usr/bin/lesspipe %s'), ('HOSTNAME', 'LAPTOP-OA6QUMQB'), ('SHLVL', '1'), ('LD_LIBRARY_PATH', '/usr/lib/x86_64-linux-gnu/gazebo-11/plugins:/opt/ros/humble/opt/rviz_ogre_vendor/lib:/opt/ros/humble/lib/x86_64-linux-gnu:/opt/ros/humble/lib'), ('HOME', '/home/user'), ('OLDPWD', '/home/user/ROS2AMR/docker/docker_environment'), ('ROS_PYTHON_VERSION', '3'), ('PS1', '(ros2) [\\u@\\h:\\W]\\$'), ('ROS_DISTRO', 'humble'), ('PULSE_SERVER', 'unix:/tmp/pulseaudio.socket'), ('_', '/usr/bin/colcon'), ('ROS_VERSION', '2'), ('TERM', 'xterm'), ('ROS_LOCALHOST_ONLY', '0'), ('PATH', '/home/user/ros2/bin:/opt/ros/humble/bin:/usr/local/sbin:/usr/local/bin:/usr/sbin:/usr/bin:/sbin:/bin:/home/user/.local/bin'), ('DISPLAY', '172.22.192.1:0'), ('LANG', 'C.UTF-8'), ('VIRTUAL_ENV_PROMPT', '(ros2)'), ('PULSE_COOKIE', '/tmp/pulseaudio.cookie'), ('AMENT_PREFIX_PATH', '/opt/ros/humble'), ('LESSCLOSE', '/usr/bin/lesspipe %s %s'), ('VIRTUAL_ENV', '/home/user/ros2'), ('PWD', '/home/user/ROS2AMR/docker/docker_environment/rosbot3_simulation/build/rosbot3_gazebo'), ('PYTHONPATH', '/opt/ros/humble/lib/python3.10/site-packages:/opt/ros/humble/local/lib/python3.10/dist-packages'), ('TZ', 'UTC'), ('COLCON', '1')]), 'shell': False}
[0.099239] (-) TimerEvent: {}
[0.199979] (-) TimerEvent: {}
[0.301468] (-) TimerEvent: {}
[0.380526] (rosbot3_gazebo) StdoutLine: {'line': b'-- The C compiler identification is GNU 11.4.0\n'}
[0.381181] (ros_commons) StdoutLine: {'line': b'-- The C compiler identification is GNU 11.4.0\n'}
[0.383540] (rosbot3_description) StdoutLine: {'line': b'-- The C compiler identification is GNU 11.4.0\n'}
[0.402175] (-) TimerEvent: {}
[0.502515] (-) TimerEvent: {}
[0.598169] (rosbot3_gazebo) StdoutLine: {'line': b'-- The CXX compiler identification is GNU 11.4.0\n'}
[0.599422] (ros_commons) StdoutLine: {'line': b'-- The CXX compiler identification is GNU 11.4.0\n'}
[0.600159] (rosbot3_description) StdoutLine: {'line': b'-- The CXX compiler identification is GNU 11.4.0\n'}
[0.602651] (-) TimerEvent: {}
[0.612755] (ros_commons) StdoutLine: {'line': b'-- Detecting C compiler ABI info\n'}
[0.612923] (rosbot3_gazebo) StdoutLine: {'line': b'-- Detecting C compiler ABI info\n'}
[0.612971] (rosbot3_description) StdoutLine: {'line': b'-- Detecting C compiler ABI info\n'}
[0.702875] (-) TimerEvent: {}
[0.719064] (rosbot3_gazebo) StdoutLine: {'line': b'-- Detecting C compiler ABI info - done\n'}
[0.719241] (rosbot3_description) StdoutLine: {'line': b'-- Detecting C compiler ABI info - done\n'}
[0.721038] (ros_commons) StdoutLine: {'line': b'-- Detecting C compiler ABI info - done\n'}
[0.724650] (ros_commons) StdoutLine: {'line': b'-- Check for working C compiler: /usr/bin/cc - skipped\n'}
[0.725629] (rosbot3_description) StdoutLine: {'line': b'-- Check for working C compiler: /usr/bin/cc - skipped\n'}
[0.725748] (rosbot3_gazebo) StdoutLine: {'line': b'-- Check for working C compiler: /usr/bin/cc - skipped\n'}
[0.726245] (rosbot3_description) StdoutLine: {'line': b'-- Detecting C compile features\n'}
[0.726396] (ros_commons) StdoutLine: {'line': b'-- Detecting C compile features\n'}
[0.726465] (rosbot3_gazebo) StdoutLine: {'line': b'-- Detecting C compile features\n'}
[0.728582] (ros_commons) StdoutLine: {'line': b'-- Detecting C compile features - done\n'}
[0.728652] (rosbot3_gazebo) StdoutLine: {'line': b'-- Detecting C compile features - done\n'}
[0.729864] (rosbot3_description) StdoutLine: {'line': b'-- Detecting C compile features - done\n'}
[0.737146] (rosbot3_gazebo) StdoutLine: {'line': b'-- Detecting CXX compiler ABI info\n'}
[0.737270] (rosbot3_description) StdoutLine: {'line': b'-- Detecting CXX compiler ABI info\n'}
[0.737321] (ros_commons) StdoutLine: {'line': b'-- Detecting CXX compiler ABI info\n'}
[0.803021] (-) TimerEvent: {}
[0.830555] (ros_commons) StdoutLine: {'line': b'-- Detecting CXX compiler ABI info - done\n'}
[0.837571] (rosbot3_gazebo) StdoutLine: {'line': b'-- Detecting CXX compiler ABI info - done\n'}
[0.841284] (rosbot3_description) StdoutLine: {'line': b'-- Detecting CXX compiler ABI info - done\n'}
[0.846551] (ros_commons) StdoutLine: {'line': b'-- Check for working CXX compiler: /usr/bin/c++ - skipped\n'}
[0.847866] (rosbot3_gazebo) StdoutLine: {'line': b'-- Check for working CXX compiler: /usr/bin/c++ - skipped\n'}
[0.848054] (ros_commons) StdoutLine: {'line': b'-- Detecting CXX compile features\n'}
[0.848124] (rosbot3_gazebo) StdoutLine: {'line': b'-- Detecting CXX compile features\n'}
[0.848187] (ros_commons) StdoutLine: {'line': b'-- Detecting CXX compile features - done\n'}
[0.848324] (rosbot3_gazebo) StdoutLine: {'line': b'-- Detecting CXX compile features - done\n'}
[0.848396] (rosbot3_description) StdoutLine: {'line': b'-- Check for working CXX compiler: /usr/bin/c++ - skipped\n'}
[0.848475] (rosbot3_description) StdoutLine: {'line': b'-- Detecting CXX compile features\n'}
[0.848697] (rosbot3_description) StdoutLine: {'line': b'-- Detecting CXX compile features - done\n'}
[0.882461] (rosbot3_description) StdoutLine: {'line': b'-- Found ament_cmake: 1.3.12 (/opt/ros/humble/share/ament_cmake/cmake)\n'}
[0.882651] (ros_commons) StdoutLine: {'line': b'-- Found ament_cmake: 1.3.12 (/opt/ros/humble/share/ament_cmake/cmake)\n'}
[0.882705] (rosbot3_gazebo) StdoutLine: {'line': b'-- Found ament_cmake: 1.3.12 (/opt/ros/humble/share/ament_cmake/cmake)\n'}
[0.903278] (-) TimerEvent: {}
[1.003911] (-) TimerEvent: {}
[1.109909] (-) TimerEvent: {}
[1.119243] (rosbot3_gazebo) StdoutLine: {'line': b'-- Found Python3: /home/user/ros2/bin/python3 (found version "3.10.12") found components: Interpreter \n'}
[1.128125] (rosbot3_description) StdoutLine: {'line': b'-- Found Python3: /home/user/ros2/bin/python3 (found version "3.10.12") found components: Interpreter \n'}
[1.148888] (ros_commons) StdoutLine: {'line': b'-- Found Python3: /home/user/ros2/bin/python3 (found version "3.10.12") found components: Interpreter \n'}
[1.210042] (-) TimerEvent: {}
[1.291412] (rosbot3_gazebo) StdoutLine: {'line': b'-- Found xacro: 2.1.1 (/opt/ros/humble/share/xacro/cmake)\n'}
[1.292315] (rosbot3_description) StdoutLine: {'line': b'-- Found xacro: 2.1.1 (/opt/ros/humble/share/xacro/cmake)\n'}
[1.310218] (-) TimerEvent: {}
[1.354294] (rosbot3_gazebo) StderrLine: {'line': b"Error parsing '/home/user/ROS2AMR/docker/docker_environment/rosbot3_simulation/src/rosbot3_gazebo/package.xml':\n"}
[1.354604] (rosbot3_gazebo) StderrLine: {'line': b'Traceback (most recent call last):\n'}
[1.354697] (rosbot3_gazebo) StderrLine: {'line': b'  File "/usr/lib/python3/dist-packages/catkin_pkg/package.py", line 610, in parse_package_string\n'}
[1.355440] (rosbot3_gazebo) StderrLine: {'line': b'    root = dom.parseString(data)\n'}
[1.355685] (rosbot3_gazebo) StderrLine: {'line': b'  File "/usr/lib/python3.10/xml/dom/minidom.py", line 2000, in parseString\n'}
[1.356443] (rosbot3_gazebo) StderrLine: {'line': b'    return expatbuilder.parseString(string)\n'}
[1.356616] (rosbot3_gazebo) StderrLine: {'line': b'  File "/usr/lib/python3.10/xml/dom/expatbuilder.py", line 925, in parseString\n'}
[1.359557] (rosbot3_gazebo) StderrLine: {'line': b'    return builder.parseString(string)\n'}
[1.359746] (rosbot3_gazebo) StderrLine: {'line': b'  File "/usr/lib/python3.10/xml/dom/expatbuilder.py", line 223, in parseString\n'}
[1.359819] (rosbot3_gazebo) StderrLine: {'line': b'    parser.Parse(string, True)\n'}
[1.359872] (rosbot3_gazebo) StderrLine: {'line': b'xml.parsers.expat.ExpatError: not well-formed (invalid token): line 1, column 1\n'}
[1.359923] (rosbot3_gazebo) StderrLine: {'line': b'\n'}
[1.359974] (rosbot3_gazebo) StderrLine: {'line': b'During handling of the above exception, another exception occurred:\n'}
[1.360033] (rosbot3_gazebo) StderrLine: {'line': b'\n'}
[1.360085] (rosbot3_gazebo) StderrLine: {'line': b'Traceback (most recent call last):\n'}
[1.360138] (rosbot3_gazebo) StderrLine: {'line': b'  File "/opt/ros/humble/share/ament_cmake_core/cmake/core/package_xml_2_cmake.py", line 150, in <module>\n'}
[1.360193] (rosbot3_gazebo) StderrLine: {'line': b'    main()\n'}
[1.360252] (rosbot3_gazebo) StderrLine: {'line': b'  File "/opt/ros/humble/share/ament_cmake_core/cmake/core/package_xml_2_cmake.py", line 53, in main\n'}
[1.360314] (rosbot3_gazebo) StderrLine: {'line': b'    raise e\n'}
[1.360376] (rosbot3_gazebo) StderrLine: {'line': b'  File "/opt/ros/humble/share/ament_cmake_core/cmake/core/package_xml_2_cmake.py", line 49, in main\n'}
[1.360441] (rosbot3_gazebo) StderrLine: {'line': b'    package = parse_package_string(\n'}
[1.360505] (rosbot3_gazebo) StderrLine: {'line': b'  File "/usr/lib/python3/dist-packages/catkin_pkg/package.py", line 612, in parse_package_string\n'}
[1.360571] (rosbot3_gazebo) StderrLine: {'line': b"    raise InvalidPackage('The manifest contains invalid XML:\\n%s' % ex, filename)\n"}
[1.360634] (rosbot3_gazebo) StderrLine: {'line': b"catkin_pkg.package.InvalidPackage: Error(s) in package '/home/user/ROS2AMR/docker/docker_environment/rosbot3_simulation/src/rosbot3_gazebo/package.xml':\n"}
[1.360701] (rosbot3_gazebo) StderrLine: {'line': b'The manifest contains invalid XML:\n'}
[1.360748] (rosbot3_gazebo) StderrLine: {'line': b'not well-formed (invalid token): line 1, column 1\n'}
[1.366030] (ros_commons) StdoutLine: {'line': b'-- Configuring done\n'}
[1.366239] (rosbot3_description) StdoutLine: {'line': b'-- Configuring done\n'}
[1.366379] (rosbot3_gazebo) StderrLine: {'line': b'\x1b[31mCMake Error at /opt/ros/humble/share/ament_cmake_core/cmake/core/ament_package_xml.cmake:95 (message):\n'}
[1.366455] (rosbot3_gazebo) StderrLine: {'line': b'  execute_process(/home/user/ros2/bin/python3\n'}
[1.366510] (rosbot3_gazebo) StderrLine: {'line': b'  /opt/ros/humble/share/ament_cmake_core/cmake/core/package_xml_2_cmake.py\n'}
[1.366559] (rosbot3_gazebo) StderrLine: {'line': b'  /home/user/ROS2AMR/docker/docker_environment/rosbot3_simulation/src/rosbot3_gazebo/package.xml\n'}
[1.366607] (rosbot3_gazebo) StderrLine: {'line': b'  /home/user/ROS2AMR/docker/docker_environment/rosbot3_simulation/build/rosbot3_gazebo/ament_cmake_core/package.cmake)\n'}
[1.366653] (rosbot3_gazebo) StderrLine: {'line': b'  returned error code 1\n'}
[1.366695] (rosbot3_gazebo) StderrLine: {'line': b'Call Stack (most recent call first):\n'}
[1.366731] (rosbot3_gazebo) StderrLine: {'line': b'  /opt/ros/humble/share/ament_cmake_core/cmake/core/ament_package_xml.cmake:49 (_ament_package_xml)\n'}
[1.366780] (rosbot3_gazebo) StderrLine: {'line': b'  /opt/ros/humble/share/ament_cmake_core/cmake/core/ament_package.cmake:63 (ament_package_xml)\n'}
[1.366829] (rosbot3_gazebo) StderrLine: {'line': b'  CMakeLists.txt:5 (ament_package)\n'}
[1.366877] (rosbot3_gazebo) StderrLine: {'line': b'\n'}
[1.366929] (rosbot3_gazebo) StderrLine: {'line': b'\x1b[0m\n'}
[1.366976] (rosbot3_gazebo) StdoutLine: {'line': b'-- Configuring incomplete, errors occurred!\n'}
[1.367034] (rosbot3_gazebo) StdoutLine: {'line': b'See also "/home/user/ROS2AMR/docker/docker_environment/rosbot3_simulation/build/rosbot3_gazebo/CMakeFiles/CMakeOutput.log".\n'}
[1.373994] (rosbot3_gazebo) CommandEnded: {'returncode': 1}
[1.375657] (rosbot3_gazebo) JobEnded: {'identifier': 'rosbot3_gazebo', 'rc': 1}
[1.376934] (rosbot3_description) StdoutLine: {'line': b'-- Generating done\n'}
[1.377238] (rosbot3_description) StderrLine: {'line': b'\x1b[33mCMake Warning:\n'}
[1.377437] (rosbot3_description) StderrLine: {'line': b'  Manually-specified variables were not used by the project:\n'}
[1.377502] (rosbot3_description) StderrLine: {'line': b'\n'}
[1.377554] (rosbot3_description) StderrLine: {'line': b'    CATKIN_INSTALL_INTO_PREFIX_ROOT\n'}
[1.377656] (rosbot3_description) StderrLine: {'line': b'    CATKIN_SYMLINK_INSTALL\n'}
[1.377726] (rosbot3_description) StderrLine: {'line': b'\n'}
[1.377890] (rosbot3_description) StderrLine: {'line': b'\x1b[0m\n'}
[1.378071] (ros_commons) StdoutLine: {'line': b'-- Generating done\n'}
[1.379217] (ros_commons) StderrLine: {'line': b'\x1b[33mCMake Warning:\n'}
[1.379333] (ros_commons) StderrLine: {'line': b'  Manually-specified variables were not used by the project:\n'}
[1.379388] (ros_commons) StderrLine: {'line': b'\n'}
[1.379426] (ros_commons) StderrLine: {'line': b'    CATKIN_INSTALL_INTO_PREFIX_ROOT\n'}
[1.379468] (ros_commons) StderrLine: {'line': b'    CATKIN_SYMLINK_INSTALL\n'}
[1.379504] (ros_commons) StderrLine: {'line': b'\n'}
[1.379547] (ros_commons) StderrLine: {'line': b'\x1b[0m\n'}
[1.379646] (rosbot3_description) StdoutLine: {'line': b'-- Build files have been written to: /home/user/ROS2AMR/docker/docker_environment/rosbot3_simulation/build/rosbot3_description\n'}
[1.383014] (ros_commons) StdoutLine: {'line': b'-- Build files have been written to: /home/user/ROS2AMR/docker/docker_environment/rosbot3_simulation/build/ros_commons\n'}
[1.385435] (rosbot3_description) JobEnded: {'identifier': 'rosbot3_description', 'rc': 'SIGINT'}
[1.386854] (ros_commons) JobEnded: {'identifier': 'ros_commons', 'rc': 'SIGINT'}
[1.397706] (-) EventReactorShutdown: {}
